// Jest Snapshot v1, https://goo.gl/fbAQLP

exports[`Storyshots Semantic Analysis|Title default 1`] = `
<h1
  className="grey-title1"
>
  My awesome title
</h1>
`;

exports[`Storyshots Semantic Analysis|Title playground 1`] = `
<h1
  className="grey-title1"
>
  My awesome title
</h1>
`;
