// Jest Snapshot v1, https://goo.gl/fbAQLP

exports[`Attachments component should render the list of attachments 1`] = `
<div
  className="attachments"
>
  <div
    className="attachment"
  >
    <span
      className="assembl-icon-synthesis"
    />
    <span
      className="title"
    >
      Foo
    </span>
    <a
      download="Foo"
      href="http://www.example.com/foo.pdf"
      rel="noopener noreferrer"
      target="_blank"
      type="application/pdf"
    >
      <span>
        Download
      </span>
    </a>
  </div>
</div>
`;
