// Jest Snapshot v1, https://goo.gl/fbAQLP

exports[`TextWithHeaderPage component should render the header with a title and a block of text 1`] = `
<div
  className="text-with-header"
>
  <Connect(Header)
    title="Terms and Conditios"
  />
  <div
    className="max-container margin-xxl"
  >
    <div
      className="page-body"
    >
      <div
        className="ellipsis-content justify"
        dangerouslySetInnerHTML={
          Object {
            "__html": "Sed ut perspiciatis unde omnis iste natus error sit voluptatem accusantium dolore",
          }
        }
      />
    </div>
  </div>
</div>
`;
