// Jest Snapshot v1, https://goo.gl/fbAQLP

exports[`Storyshots FictionCommentHeader default 1`] = `
<div
  className="comments-header"
>
  <h1
    className="title"
  >
    <span
      className="highlight"
    >
      Prenez la parole !
       
    </span>
    Quels sujets sont abordés dans cette fiction ?
  </h1>
  <p>
    <img
      alt="illustration-mechanisme"
      className="img-responsive"
      src="/static2/img/illustration-mechanisme.png"
    />
  </p>
  <p
    className="subtitle center"
  >
    <span>
      6 messages
    </span>
  </p>
</div>
`;

exports[`Storyshots FictionCommentHeader playground 1`] = `
<div
  className="comments-header"
>
  <h1
    className="title"
  >
    <span
      className="highlight"
    >
      Prenez la parole !
       
    </span>
    Quels sujets sont abordés dans cette fiction ?
  </h1>
  <p>
    <img
      alt="illustration-mechanisme"
      className="img-responsive"
      src="/static2/img/illustration-mechanisme.png"
    />
  </p>
  <p
    className="subtitle center"
  >
    <span>
      6 messages
    </span>
  </p>
</div>
`;
