// Jest Snapshot v1, https://goo.gl/fbAQLP

exports[`DumbCustomizeGaugeForm component should render a form to customize a gauge 1`] = `
<div
  className="gauge-modal"
>
  <h3
    className="dark-title-3 center"
  >
    <Translate
      value="administration.gaugeModal.title"
    />
  </h3>
  <div
    className="ellipsis-content"
  >
    <Translate
      value="administration.gaugeModal.subTitle"
    />
  </div>
  <div
    className="form"
  >
    <DumbGaugeForm
      canChangeType={false}
      choices={Immutable.List []}
      createChoice={[Function]}
      deleteChoice={[Function]}
      handleGaugeChoiceLabelChange={[Function]}
      handleInstructionsChange={[Function]}
      handleMaxChange={[Function]}
      handleMinChange={[Function]}
      handleNumberGaugeCheck={[Function]}
      handleNumberGaugeUncheck={[Function]}
      handleUnitChange={[Function]}
      id="my-gauge"
      index={null}
      instructions="The IB monitor is down, quantify the 1080p application so we can bypass the SMS hard drive!"
      isNumberGauge={true}
      maximum={10}
      minimum={1}
      nbTicks={5}
      type="gauge"
      unit="kâ‚¬"
      updateNbTicks={[Function]}
    />
    <Checkbox
      bsClass="checkbox"
      checked={false}
      disabled={false}
      id="apply-to-all-button"
      inline={false}
      onClick={[Function]}
      title=""
    >
      <Translate
        value="administration.gaugeModal.applyToAllProposalsCheckboxLabel"
      />
    </Checkbox>
    <Button
      active={false}
      block={false}
      bsClass="btn"
      bsStyle="default"
      className="button-submit button-dark full-size"
      disabled={true}
      id="modify-gauge-button"
      onClick={[Function]}
    >
      <Translate
        value="administration.voteProposals.edit"
      />
    </Button>
  </div>
</div>
`;
