// Jest Snapshot v1, https://goo.gl/fbAQLP

exports[`Vote Session DumbPageForm component should render a form to update the vote session page data 1`] = `
<div
  className="admin-box"
>
  <SectionTitle
    annotation="* Fields are required."
    title="Page configuration"
  />
  <div
    className="intro-text"
  >
    <Translate
      className="bold"
      value="administration.voteModulesIntroText1"
    />
    <div
      className="inline"
    >
      <Translate
        value="administration.voteModulesIntroText2"
      />
      <Link
        className="timeline-link"
        onlyActiveOnIndex={false}
        style={Object {}}
        target="_blank"
        to="/debate/\${slug}/timeline"
      >
        <Translate
          value="administration.timeline"
        />
      </Link>
      .
    </div>
  </div>
  <div
    className="admin-content"
  >
    <div
      className="form-container"
    >
      <div
        className="separator"
      />
      <Helper
        additionalTextClasses=""
        classname="title"
        helperText="The proposals section is introduced by a title. You define the title based on the proposal content."
        helperUrl="/static2/img/helpers/helper3.png"
        label="Proposal section title configuration"
        popOverClass=""
      />
      <FormControlWithLabel
        helperText=""
        helperUrl=""
        label="Section title FR"
        labelAlwaysVisible={false}
        onChange={[MockFunction]}
        required={true}
        type="text"
        value="Vote sur 8 propositions"
      />
    </div>
  </div>
</div>
`;
