// Jest Snapshot v1, https://goo.gl/fbAQLP

exports[`DumbTextGaugeForm component should render a form to set up a textual gauge 1`] = `
<div>
  Immutable.List [
    <div>
      <FormControlWithLabel
        helperText=""
        helperUrl=""
        label="Value title 1"
        labelAlwaysVisible={false}
        onChange={[Function]}
        required={true}
        type="text"
        value="contextually-based"
      />
    </div>,
    <div>
      <FormControlWithLabel
        helperText=""
        helperUrl=""
        label="Value title 2"
        labelAlwaysVisible={false}
        onChange={[Function]}
        required={true}
        type="text"
        value="Savings Account Knoll"
      />
    </div>,
  ]
</div>
`;
