// Jest Snapshot v1, https://goo.gl/fbAQLP

exports[`Storyshots Semantic Analysis|TitleWithTooltip default 1`] = `
<div
  className="titleWithTooltip-container"
>
  <h1
    className="grey-title1"
  >
    An amazing title
  </h1>
  <div
    className="titleTooltip-container"
    onClick={[Function]}
  >
    <svg
      className="icon tooltip"
      height="22"
      viewBox="0 0 22 22"
      width="22"
      xmlns="http://www.w3.org/2000/svg"
    >
      <g
        fill="none"
        fillRule="evenodd"
        transform="translate(1 1)"
      >
        <text
          className="text"
        >
          <tspan
            x="7.922"
            y="13.264"
          >
            i
          </tspan>
        </text>
        <circle
          className="circle"
          cx="9.62"
          cy="9.62"
          r="9.62"
        />
      </g>
    </svg>
  </div>
</div>
`;

exports[`Storyshots Semantic Analysis|TitleWithTooltip playground 1`] = `
<div
  className="titleWithTooltip-container"
>
  <h1
    className="grey-title1"
  >
    An amazing title
  </h1>
  <div
    className="titleTooltip-container"
    onClick={[Function]}
  >
    <svg
      className="icon tooltip"
      height="22"
      viewBox="0 0 22 22"
      width="22"
      xmlns="http://www.w3.org/2000/svg"
    >
      <g
        fill="none"
        fillRule="evenodd"
        transform="translate(1 1)"
      >
        <text
          className="text"
        >
          <tspan
            x="7.922"
            y="13.264"
          >
            i
          </tspan>
        </text>
        <circle
          className="circle"
          cx="9.62"
          cy="9.62"
          r="9.62"
        />
      </g>
    </svg>
  </div>
</div>
`;
