// Jest Snapshot v1, https://goo.gl/fbAQLP

exports[`RequestNewPasswordForm component should match the snapshot 1`] = `
<div
  className="login-view"
>
  <div
    className="box-title"
  >
    <span
      className={undefined}
      style={undefined}
    >
      Reset your password
    </span>
  </div>
  <div
    className="box"
  >
    <form
      className="resendPwd"
      onSubmit={[Function]}
    >
      <input
        name="referer"
        type="hidden"
        value="v2"
      />
      <div
        className="margin-m form-group"
      >
        <input
          className="form-control"
          id={undefined}
          name="identifier"
          onChange={[Function]}
          placeholder="Email or user name"
          required={true}
          type="text"
          value=""
        />
      </div>
      <div
        className="form-group"
      >
        <button
          className="button-submit button-dark margin-m btn btn-default"
          disabled={true}
          name="send_req_password"
          type="submit"
          value="Send"
        >
          <span
            className={undefined}
            style={undefined}
          >
            Send
          </span>
        </button>
      </div>
    </form>
  </div>
</div>
`;
