// Jest Snapshot v1, https://goo.gl/fbAQLP

exports[`SendPwdConfirm component should match the snapshot 1`] = `
<div
  className="login-view"
>
  <div
    className="box-title"
  >
    <span
      className={undefined}
      style={undefined}
    >
      Password change requested
    </span>
  </div>
  <div
    className="box"
  >
    <form
      className="resendPwd"
      method="POST"
    >
      <div
        className="form-group"
      >
        <span
          className={undefined}
          style={undefined}
        >
          We have sent you an email with a temporary connection link. Please use that link to log in and change your password. Make sure to check your spam folder if an email is not in your inbox
        </span>
      </div>
    </form>
  </div>
</div>
`;
