// Jest Snapshot v1, https://goo.gl/fbAQLP

exports[`Storyshots Semantic Analysis|WordCloudForIE default 1`] = `
Array [
  <div
    onClick={[Function]}
    style={
      Object {
        "cursor": "pointer",
        "fontSize": "9px",
      }
    }
  >
    <a>
      text five
    </a>
  </div>,
  <div
    onClick={[Function]}
    style={
      Object {
        "cursor": "pointer",
        "fontSize": "6px",
      }
    }
  >
    <a>
      text three
    </a>
  </div>,
]
`;

exports[`Storyshots Semantic Analysis|WordCloudForIE playground 1`] = `
Array [
  <div
    onClick={[Function]}
    style={
      Object {
        "cursor": "pointer",
        "fontSize": "9px",
      }
    }
  >
    <a>
      text five
    </a>
  </div>,
  <div
    onClick={[Function]}
    style={
      Object {
        "cursor": "pointer",
        "fontSize": "6px",
      }
    }
  >
    <a>
      text three
    </a>
  </div>,
]
`;
