// Jest Snapshot v1, https://goo.gl/fbAQLP

exports[`PhaseTitleForm component should render a form to update the phase's title 1`] = `
<div
  className="phase-title-form-container"
>
  <div
    className="flex phase-title-form"
  >
    <Translate
      className="phase-side-title"
      count={1}
      value="administration.timelineAdmin.phase"
    />
    <FormGroup
      bsClass="form-group"
      validationState={null}
    >
      <FormControlWithLabel
        helperText=""
        helperUrl=""
        label="Phase title FR"
        labelAlwaysVisible={false}
        onChange={[MockFunction]}
        required={true}
        type="text"
        value="Une phase intÃ©ressante"
      />
    </FormGroup>
    <div
      className="flex"
    >
      <OverlayTrigger
        defaultOverlayShown={false}
        overlay={
          <Tooltip
            bsClass="tooltip"
            id="deletePhaseTooltip"
            placement="right"
          >
            <Translate
              value="administration.timelineAdmin.deletePhase"
            />
          </Tooltip>
        }
        placement="top"
        trigger={
          Array [
            "hover",
            "focus",
          ]
        }
      >
        <Button
          active={false}
          block={false}
          bsClass="btn"
          bsStyle="default"
          className="admin-icons"
          disabled={false}
          onClick={[MockFunction]}
        >
          <span
            className="assembl-icon-delete grey"
          />
        </Button>
      </OverlayTrigger>
    </div>
  </div>
  <div
    className="warning-label"
  />
</div>
`;
