// Jest Snapshot v1, https://goo.gl/fbAQLP

exports[`Storyshots CommentHelperButton default 1`] = `
<button
  className="some-class some-class-default"
  disabled={false}
  onClick={[Function]}
  type="button"
>
  <span
    className="assembl-icon-suggest"
  />
</button>
`;
