// Jest Snapshot v1, https://goo.gl/fbAQLP

exports[`EditPostButton component should render an edit post button 1`] = `
<Link
  className="my-custom-class"
  onClick={[Function]}
  onlyActiveOnIndex={false}
  style={Object {}}
>
  <span
    className="assembl-icon-edit"
  />
</Link>
`;
