// Jest Snapshot v1, https://goo.gl/fbAQLP

exports[`Storyshots ToggleCommentButton default 1`] = `
<a
  className="action-toggle"
  onClick={[Function]}
  style={Object {}}
>
  <span
    className="assembl-icon-up-open"
  />
</a>
`;

exports[`Storyshots ToggleCommentButton playground 1`] = `
<a
  className="action-toggle"
  onClick={[Function]}
  style={Object {}}
>
  <span
    className="assembl-icon-up-open"
  />
</a>
`;
