// Jest Snapshot v1, https://goo.gl/fbAQLP

exports[`DumbAdminForm component should render an admin form 1`] = `
<form
  onSubmit={[MockFunction]}
>
  <SaveButtonInPortal
    saveAction={[MockFunction]}
    specificClasses={null}
  />
  nothing
</form>
`;
